// license:BSD-3-Clause
// copyright-holders:Gaston90
/********************************************
  List of all enabled drivers in the system.
***********************************************/

@source:aerofgt.cpp
aerofgt         // (c) 1992 Video System Co.

@source:cave.cpp
agallet         // (c) 1996 Banpresto / Gazelle (country is in EEPROM)
ddonpach        // (c) 1997 Atlus/Cave
esprade         // (c) 1998 Atlus/Cave
feversos        // (c) 1998 Cave + Nihon System license
guwange         // (c) 1999 Atlus/Cave

@source:cps1.cpp
3wonders        // 20/05/1991 (c) 1991 (World)
captcomm        // 02/12/1991 (c) 1991 (World)
cawing          // 12/10/1990 (c) 1990 (World)
dino            // 01/02/1993 (c) 1993 (World) (CPS1 + QSound)
ffight          // 12/1989 (c) 1989 (World)
forgottn        // 7/1988 (c) 1988 (World)
ghouls          // 12/1988 (c) 1988 (World)
knights         // 27/11/1991 (c) 1991 (World)
kod             // 05/08/1991 (c) 1991 (World)
mbombrd         // 06/12/1993 (c) 1993 (World) (CPS1 + QSound)
megaman         // 06/10/1995 (c) 1995 (USA)
mercs           // 02/03/1990 (c) 1990 (World)
pnickj          // 08/06/1994 (c) 1994 Compile + Capcom license (Japan) not listed on Capcom's site
punisher        // 22/04/1993 (c) 1993 (World) (CPS1 + QSound)
sf2             // 22/05/1991 (c) 1991 (World)
sf2ce           // 13/05/1992 (c) 1992 (World)
sf2hf           // 09/12/1992 (c) 1992 (World)
sfzch           // CPS Changer (Street Fighter ZERO)
slammast        // 13/07/1993 (c) 1993 (World) (CPS1 + QSound)
strider         // 3/1989 (c) 1989 (not explicitly stated but should be USA)
varth           // 14/07/1992 (c) 1992 (World)
willow          // 6/1989 (c) 1989 (World)
wof             // 31/10/1992 (c) 1992 (World) (CPS1 + QSound)
wofch           // CPS Changer (Tenchi Wo Kurau II)

@source:cps2.cpp
1944            // 20/06/2000 (c) 2000 Eighting/Raizing (Euro)
19xx            // 04/01/1996 (c) 1996 (Euro)
armwar          // 24/10/1994 (c) 1994 (Euro)
avsp            // 20/05/1994 (c) 1994 (Euro)
batcir          // 19/03/1997 (c) 1997 (Euro)
csclub          // 17/10/1997 (c) 1997 (Euro)
cybots          // 24/04/1995 (c) 1995 (Euro)
ddsom           // 19/06/1996 (c) 1996 (Euro)
ddtod           // 12/04/1994 (c) 1993 (Euro)
dstlk           // 05/07/1994 (c) 1994 (Euro)
gigawing        // 22/02/1999 (c) 1999 Takumi (USA)
hsf2            // 02/02/2004 (c) 2003, 2004 (USA)
mpang           // 10/10/2000 (c) 2000 Mitchell (Euro)
msh             // 24/10/1995 (c) 1995 (Euro)
mshvsf          // 25/06/1997 (c) 1997 (Euro)
mvsc            // 23/01/1998 (c) 1998 (Euro)
progear         // 17/01/2001 (c) 2001 Cave (USA)
sfa             // 27/07/1995 (c) 1995 (Euro)
sfa2            // 06/03/1996 (c) 1996 (Euro)
sfa3            // 04/09/1998 (c) 1998 (USA)
sfz2al          // 26/08/1996 (c) 1996 (Asia)
sgemf           // 04/09/1997 (c) 1997 (USA)
spf2t           // 29/05/1996 (c) 1996 (Europe)
ssf2            // 05/10/1993 (c) 1993 (World)
ssf2t           // 23/02/1994 (c) 1994 (World)
vsav2           // 13/09/1997 (c) 1997 (Japan)
xmcota          // 31/03/1995 (c) 1994 (Euro)
xmvsf           // 04/10/1996 (c) 1996 (Euro)

@source:cps3.cpp
sfiii           // 04/02/1997 (c) 1997 (Euro)
sfiii2          // 30/09/1997 (c) 1997 (USA)
sfiii3          // 08/06/1999 (c) 1999 (Euro)
jojoba          // 27/09/1999 (c) 1999 (Euro)
jojo            // 28/01/1999 (c) 1998 (Euro)

@source:cv1k.cpp
deathsml	    // (c) 2007 Cave (AMI license) - 2007/10/09 MASTER VER

@source:m92.cpp
hook            // (c) 1992 Irem (World)

@source:neogeo.cpp
neogeo          // NeoGeo MV-6F
2020bb			// 0030 (c) 1991 SNK / Pallas
3countb			// 0043 (c) 1993 SNK
alpham2			// 0007 (c) 1991 SNK
androdun		// 0049 (c) 1992 Visco
aof			    // 0044 (c) 1992 SNK
aof2			// 0056 (c) 1994 SNK
aof3			// 0096 (c) 1996 SNK
b2b			    // 0071 (c) 2000 Visco (released by NCI in 2010)
bakatono		// 0036 (c) 1991 Monolith Corp.
bangbead		// 0259 (c) 2000 Visco
bjourney		// 0022 (c) 1990 Alpha Denshi Co.
blazstar		// 0239 (c) 1998 Yumekobo
breakers		// 0230 (c) 1996 Visco
breakrev		// 0245 (c) 1998 Visco
bstars			// 0002 (c) 1990 SNK
burningf		// 0018 (c) 1991 SNK
crsword			// 0037 (c) 1991 Alpha Denshi Co.
ctomaday		// 0249 (c) 1999 Visco
cyberlip		// 0010 (c) 1990 SNK
doubledr		// 0082 (c) 1995 Technos
eightman		// 0025 (c) 1991 SNK / Pallas
fatfury1		// 0033 (c) 1991 SNK
fatfury2		// 0047 (c) 1992 SNK
fatfury3		// 0069 (c) 1995 SNK
fatfursp		// 0058 (c) 1993 SNK
fbfrenzy		// 0034 (c) 1992 SNK
fightfev		// 0060 (c) 1994 Viccom
flipshot		// 0247 (c) 1998 Visco
galaxyfg		// 0078 (c) 1995 Sunsoft
ganryu			// 0252 (c) 1999 Visco
garou			// 0253 (c) 1999 SNK
goalx3			// 0209 (c) 1995 Visco
gowcaizr		// 0094 (c) 1995 Technos
gpilots			// 0020 (c) 1991 SNK
ironclad		// 0220 (c) 1996 Saurus - Choutetsu Brikin'ger - Iron clad (protoype)
jockeygp		//
joyjoy			// 0021 (c) 1990 SNK
kabukikl		// 0092 (c) 1995 Hudson
karnovr			// 0066 (c) 1994 Data East Corporation
kizuna			// 0216 (c) 1996 SNK
kof94			// 0055 (c) 1994 SNK
kof95			// 0084 (c) 1995 SNK
kof96			// 0214 (c) 1996 SNK
kof97			// 0232 (c) 1997 SNK
kof98			// 0242 (c) 1998 SNK
kof99			// 0251 (c) 1999 SNK
kof2000			// 0257 (c) 2000 SNK
kof2001			// 0262 (c) 2001 Eolith / SNK
kof2002			// 0265 (c) 2002 Eolith / Playmore
kof2003			// 0271 (c) 2003 Playmore
kf2k3pcb        // 0271 (c) 2003 Playmore - JAMMA PCB
kof2k4se		// bootleg of kof2002
kotm			// 0016 (c) 1991 SNK
kotm2			// 0039 (c) 1992 SNK
lastblad		// 0234 (c) 1997 SNK
lastbld2		// 0243 (c) 1998 SNK
lasthope		//
lbowling		// 0019 (c) 1990 SNK
lresort			// 0024 (c) 1992 SNK
magdrop3		// 0233 (c) 1997 Data East Corporation
maglord			// 0005 (c) 1990 Alpha Denshi Co.
matrim			// 0266 (c) 2003 Atlus
miexchng		// 0231 (c) 1997 Face
minasan			// 0027 (c) 1990 Monolith Corp.
ms5pcb          // 0268 (c) 2003 Playmore - JAMMA PCB
mslug			// 0201 (c) 1996 Nazca
mslug2			// 0241 (c) 1998 SNK
mslugx			// 0250 (c) 1999 SNK
mslug3			// 0256 (c) 2000 SNK
mslug4			// 0263 (c) 2002 Mega Enterprise
mslug5			// 0268 (c) 2003 Playmore
mutnat			// 0014 (c) 1992 SNK
nam1975			// 0001 (c) 1990 SNK
ncombat			// 0009 (c) 1990 Alpha Denshi Co.
ncommand		// 0050 (c) 1992 Alpha Denshi Co.
neobombe		// 0093 (c) 1997 Hudson
neocup98		// 0244 (c) 1998 SNK
neodrift		// 0213 (c) 1996 Visco
ninjamas		// 0217 (c) 1996 ADK / SNK
nitd			// 0260 (c) 2000 Eleven / Gavaking
pbobblen		// 0083 (c) 1994 Taito
pnyaa			// 0267 (c) 2003 Aiky / Taito
preisle2		// 0255 (c) 1999 Yumekobo
pulstar			// 0089 (c) 1995 Aicom
puzzledp		// 0202 (c) 1995 Taito (Visco license)
ragnagrd		// 0218 (c) 1996 Saurus
rbff1			// 0095 (c) 1995 SNK
rbff2			// 0240 (c) 1998 SNK
rbffspec		// 0223 (c) 1996 SNK
ridhero			// 0006 (c) 1990 SNK
roboarmy		// 0032 (c) 1991 SNK
rotd			// 0264 (c) 2002 Evoga
s1945p			// 0254 (c) 1999 Psikyo
samsho			// 0045 (c) 1993 SNK
samsho2			// 0063 (c) 1994 SNK
samsho3			// 0087 (c) 1995 SNK
samsho4			// 0222 (c) 1996 SNK
samsho5			// 0270 (c) 2003 Playmore
samsh5sp		// 0272 (c) 2004 Playmore
savagere		// 0059 (c) 1995 SNK
sdodgeb			// 0208 (c) 1996 Technos
sengoku			// 0017 (c) 1991 SNK
sengoku2		// 0040 (c) 1993 SNK
sengoku3		// 0261 (c) 2001 Noise Factory / SNK
shocktr2		// 0246 (c) 1998 Saurus
shocktro		// 0238 (c) 1997 Saurus
socbrawl		// 0031 (c) 1991 SNK
sonicwi2		// 0075 (c) 1994 Video System Co.
sonicwi3		// 0097 (c) 1995 Video System Co.
spinmast		// 0062 (c) 1993 Data East Corporation
ssideki			// 0052 (c) 1992 SNK
ssideki4		// 0215 (c) 1996 SNK
stakwin			// 0088 (c) 1995 Saurus  //broken in mame, works here
strhoop			// 0079 (c) 1994 Data East Corporation
superspy		// 0011 (c) 1990 SNK
svc			    // 0269 (c) 2003 Playmore / Capcom
tophuntr		// 0046 (c) 1994 SNK
tpgolf			// 0003 (c) 1990 SNK
trally			// 0038 (c) 1991 Alpha Denshi Co.
turfmast		// 0200 (c) 1996 Nazca
twinspri		// 0224 (c) 1996 ADK
tws96			// 0051 (c) 1992 Sammy
viewpoin		// 0051 (c) 1992 Sammy
wakuwak7		// 0225 (c) 1996 Sunsoft
wh1			    // 0053 (c) 1992 Alpha Denshi Co.
wh2			    // 0057 (c) 1993 ADK
wh2j			// 0064 (c) 1994 ADK / SNK
whp			    // 0090 (c) 1995 ADK / SNK
wjammers		// 0065 (c) 1994 Data East Corporation
zintrckb		// 0211 hack - this is not a genuine MVS proto, its a bootleg made from the CD version
zupapa			// 0070 Zupapa - released in 2001, 1994 prototype probably exists

@source:pgm.cpp
pgm             // Base Unit
ket             // (c) 2002 Ketsui
killbld         // (c) 1998 The Killing Blade
kovplus         // (c) 1999 Knights of Valor Plus
kov             // (c) 1999 Knights of Valor
kov2            // (c) 2000 Knights of Valor 
kov2p           // (c) 2000 Knights of Valor 2 Nine Dragons
kovsh           // (c) 1999 Knights of Valor Superheroes
kovshp          // (c) 2004 Knights of Valor Superheroes PLUS
olds            // (c) 1999 Oriental Legend Super / Special
oldsplus        // (c) 2004 Oriental Legend Super Plus
orlegend        // (c) 1997 Oriental Legend
martmast        // (c) 2001 Martial Masters
theglad         // (c) 2003 The Gladiator

@source:seta2.cpp
grdians         // (c) 1995 Banpresto

/****************************************************************
  List of all enabled drivers in the system PSMame Builds Plus.
*******************************************************************/

@source:aerofgt.cpp
aerofgthc01     // Hack

@source:cave.cpp
agallethc01     // Hack
ddonpachhc01    // Hack
espradehc01     // Hack
feversoshc01    // Hack
guwangehc01     // Hack

@source:cps1.cpp
3wondrud	    // Bootleg
3wondersha	    // Bootleg
captcoud	    // Bootleg
captcocn	    // Bootleg
daimakaib	    // Bootleg
dinoh	        // Bootleg
dinoha	        // Bootleg
dinotpic	    // Bootleg
dinohc	        // Bootleg
dinopic4	    // Bootleg
dinod	        // Bootleg
mercscn	        // Bootleg
pnicku	        // Bootleg
punisherud1	    // Bootleg
punisherud2	    // Bootleg
punisherb	    // Bootleg
sf2mega2	    // Bootleg
sf2amf5	        // Bootleg
sf2cejabl	    // Bootleg
sf2m12	        // Bootleg
sf2m13	        // Bootleg
sf2rbpr	        // Bootleg
sf2amf6	        // Bootleg
sf2amf7	        // Bootleg
sf2tlona	    // Bootleg
sf2tlonb	    // Bootleg
sf2tlonc	    // Bootleg
sf2yyc3d5	    // Bootleg
sf2yyc3g	    // Bootleg
sf2yyc6	        // Bootleg
sf2ceeabl	    // Bootleg
sf2cejab2	    // Bootleg
sf2cebr	        // Bootleg
sf2h11	        // Bootleg
sf2ceh	        // Bootleg
sf2cn	        // Bootleg
sf2ly	        // Bootleg
slammastud	    // Bootleg
wofh	        // Bootleg
wofha           // Bootleg
wofah	        // Bootleg
wofaha	        // Bootleg
wofahb	        // Bootleg
wof3js	        // Bootleg
wof3jsa	        // Bootleg
wof3sj	        // Bootleg
wof3sja	        // Bootleg
wofsj	        // Bootleg
wofsja	        // Bootleg
wofsjb	        // Bootleg
wofsjc	        // Bootleg
wofjd	        // Bootleg
wofud	        // Bootleg

@source:cps1.cpp
captcommhc01    // Hack
captcommhc02    // Hack
dinohc01        // Hack
dinohc02        // Hack
dinohc03        // Hack
dinohc04        // Hack
dinohc05        // Hack
dinohc06        // Hack
//kodhc01         // Hack [It does not work]
//kodhc02         // Hack [It does not work]
//kodhc03         // Hack [It does not work]
//kodhc04         // Hack [It does not work]
punisherhc01    // Hack
tk2hc01         // Hack
tk2hc02         // Hack
tk2hc03         // Hack
//varthhc01       // Hack [It does not work]

@source:cps2.cpp
gigawinghc01    // Hack
ssf2thc01       // Hack
ssf2thc02       // Hack
sfa3hc01        // Hack

@source:m92.cpp
hookhc01        // Hack
hookhc02        // Hack
hookhc03        // Hack
hookhc04        // Hack
hookhc05        // Hack
hookhc06        // Hack

@source:neogeo.cpp
bangbedd	    // Decrypted/Bootleg
ct2k3sp	        // Decrypted/Bootleg
ct2k3spd	    // Decrypted/Bootleg
cthd2k3n	    // Decrypted/Bootleg
ct2k3ad	        // Decrypted/Bootleg
cthd2k3a	    // Decrypted/Bootleg
ganryud	        // Decrypted/Bootleg
garoud	        // Decrypted/Bootleg
jckeygpd	    // Decrypted/Bootleg
kof96ep	        // Decrypted/Bootleg
kof96ep2	    // Decrypted/Bootleg
kof96ep3	    // Decrypted/Bootleg
kof97pla	    // Decrypted/Bootleg
kof99d	        // Decrypted/Bootleg
kof99fd	        // Decrypted/Bootleg
kof2000d	    // Decrypted/Bootleg
kof2knd	        // Decrypted/Bootleg
kof2kfd	        // Decrypted/Bootleg
kof2001d	    // Decrypted/Bootleg
kof2001n	    // Decrypted/Bootleg
kf2k1pls	    // Decrypted/Bootleg
kf2k1pla	    // Decrypted/Bootleg
kof2k1nd	    // Decrypted/Bootleg
kof2k1hd	    // Decrypted/Bootleg
kf2k2pla	    // Decrypted/Bootleg
kf2k2plb	    // Decrypted/Bootleg
kf2k2plc	    // Decrypted/Bootleg
kof2002d	    // Decrypted/Bootleg
kof2k2fd	    // Decrypted/Bootleg
kof2003d	    // Decrypted/Bootleg
kof2003f	    // Decrypted/Bootleg
kof2k3d	        // Decrypted/Bootleg
kf2k3bd	        // Decrypted/Bootleg
kof2k3hd	    // Decrypted/Bootleg
kof2k3nd	    // Decrypted/Bootleg
kf2k3pcd	    // Decrypted/Bootleg
kof2k3pd	    // Decrypted/Bootleg
kf2k3upd	    // Decrypted/Bootleg
kf2k3bl2	    // Decrypted/Bootleg
kf2k3fd	        // Decrypted/Bootleg
kogd	        // Decrypted/Bootleg
kogplus	        // Decrypted/Bootleg
kof10thd	    // Decrypted/Bootleg
kof2k8uni	    // Decrypted/Bootleg
kf2k5unh	    // Decrypted/Bootleg
kof10thud	    // Decrypted/Bootleg
kof2k4mp	    // Decrypted/Bootleg
kof2k4mp2	    // Decrypted/Bootleg
kf2k4pls	    // Decrypted/Bootleg
kof2k4spl	    // Decrypted/Bootleg
kofse2k4	    // Decrypted/Bootleg
lans2k4d	    // Decrypted/Bootleg
matrimd	        // Decrypted/Bootleg
matrima	        // Decrypted/Bootleg
matrimeh	    // Decrypted/Bootleg
matrimnd	    // Decrypted/Bootleg
msboot	        // Decrypted/Bootleg
mslug3hd	    // Decrypted/Bootleg
mslug3nd	    // Decrypted/Bootleg
ms4boot	        // Decrypted/Bootleg
mslug4d	        // Decrypted/Bootleg
mslug4hd	    // Decrypted/Bootleg
mslug4nd	    // Decrypted/Bootleg
mslug4dd	    // Decrypted/Bootleg
ms5boot	        // Decrypted/Bootleg
ms5pcbd	        // Decrypted/Bootleg
mslug5nd	    // Decrypted/Bootleg
mslug5d         // Decrypted/Bootleg
mslug5b1	    // Decrypted/Bootleg
ms5plusd	    // Decrypted/Bootleg
mslug5n	        // Decrypted/Bootleg
mslug5b3	    // Decrypted/Bootleg
mslug5n2	    // Decrypted/Bootleg
mslug5hd	    // Decrypted/Bootleg
ms5plusc	    // Decrypted/Bootleg
mslug5fd	    // Decrypted/Bootleg
nitdd	        // Decrypted/Bootleg
pbobblendx	    // Decrypted/Bootleg
pnyaad	        // Decrypted/Bootleg
pnyaadd	        // Decrypted/Bootleg
preisl2d	    // Decrypted/Bootleg
rotdd	        // Decrypted/Bootleg
rotdnd	        // Decrypted/Bootleg
s1945pd	        // Decrypted/Bootleg
samsho3bh	    // Decrypted/Bootleg
samsh5bd	    // Decrypted/Bootleg
samsh5cd	    // Decrypted/Bootleg
samsho5d	    // Decrypted/Bootleg
samsh5hd	    // Decrypted/Bootleg
samsh5nd	    // Decrypted/Bootleg
ssh5spnd	    // Decrypted/Bootleg
ssh5spn	        // Decrypted/Bootleg
sams5spd	    // Decrypted/Bootleg
samsh5spd2	    // Decrypted/Bootleg
sams5sod	    // Decrypted/Bootleg
sams5shd	    // Decrypted/Bootleg
sengok3d	    // Decrypted/Bootleg
svcda	        // Decrypted/Bootleg
svcd	        // Decrypted/Bootleg
svcnd	        // Decrypted/Bootleg
svcplusb	    // Decrypted/Bootleg
svcplusn	    // Decrypted/Bootleg
svcplusd	    // Decrypted/Bootleg
zupapad	        // Decrypted/Bootleg
zupapand	    // Decrypted/Bootleg

@source:neogeo.cpp
kof97hc01       // Hack
kof97hc02       // Hack
kof97hc03       // Hack
kof97hc04       // Hack
kof97hc05       // Hack
kof98hc01       // Hack
kof98hc02       // Hack
kof98hc03       // Hack
kof98hc04       // Hack
kof99hc01       // Hack
kof99hc02       // Hack
kof99hc03       // Hack
kof99hc04       // Hack
kof2002hc01     // Hack
kof2002hc02     // Hack
mslug5hc01      // Hack
mslug5hc02      // Hack
mslug5hc03      // Hack
mslug5hc04      // Hack
mslug5hc05      // Hack
mslug5hc06      // Hack
mslug5hc07      // Hack
mslug5hc08      // Hack
mslug5hc09      // Hack
mslug5hc10      // Hack
mslug5hc11      // Hack
mslug5hc12      // Hack
mslug5hc13      // Hack
mslug5hc14      // Hack
mslug5hc15      // Hack
mslug5hc16      // Hack
teothc01        // Hack

@source:pgm.cpp
kovplushc01     // Hack
//kovplushc02     // Hack [It does not work]
//kovplushc03     // Hack [It does not work]
//kovplushc04     // Hack [It does not work]
//kovplushc05     // Hack [It does not work]
//kovplushc06     // Hack [It does not work]
//kovshphc01      // Hack [It does not work]

@source:seta2.cpp
grdianshc01     // Hack

@source:cps3.cpp
sfiii3hc01      // Hack
